[mr-iitkgp.vlabs.ac.in/exp/forward-kinematics/simulation/forward-kinematics-of-puma-560.html]
[mr-iitkgp.vlabs.ac.in/exp/forward-kinematics/simulation/js/mathjs/math.js]
[mr-iitkgp.vlabs.ac.in/exp/forward-kinematics/simulation/js/mathjs/math.min.js]
[mr-iitkgp.vlabs.ac.in/exp/forward-kinematics/simulation/js/MathJax.js]
[mr-iitkgp.vlabs.ac.in/exp/forward-kinematics/simulation/css/style.css]
[mr-iitkgp.vlabs.ac.in/exp/forward-kinematics/simulation/js/threejs/three.min.js]
[mr-iitkgp.vlabs.ac.in/exp/forward-kinematics/simulation/js/plotly-latest.min.js]
[mr-iitkgp.vlabs.ac.in/exp/forward-kinematics/simulation/js/threejs/TrackballControls.js]
[mr-iitkgp.vlabs.ac.in/exp/forward-kinematics/simulation/js/threejs/Detector.js]
[mr-iitkgp.vlabs.ac.in/exp/forward-kinematics/simulation/js/threejs/stats.min.js]
[mr-iitkgp.vlabs.ac.in/exp/forward-kinematics/simulation/js/axis.js]
[mr-iitkgp.vlabs.ac.in/exp/forward-kinematics/simulation/js/PUMA_scene.js]
[mr-iitkgp.vlabs.ac.in/exp/forward-kinematics/simulation/js/PUMA_controller.js]
[mr-iitkgp.vlabs.ac.in/exp/forward-kinematics/simulation/js/PUMA_tmat.js]
[mr-iitkgp.vlabs.ac.in/exp/forward-kinematics/simulation/js/graph.js]
[mr-iitkgp.vlabs.ac.in/exp/forward-kinematics/simulation/fonts/gentilis_bold.typeface.js]
[mr-iitkgp.vlabs.ac.in/exp/forward-kinematics/simulation/fonts/gentilis_regular.typeface.js]
[mr-iitkgp.vlabs.ac.in/exp/forward-kinematics/simulation/fonts/optimer_bold.typeface.js]
[mr-iitkgp.vlabs.ac.in/exp/forward-kinematics/simulation/fonts/optimer_regular.typeface.js]
[mr-iitkgp.vlabs.ac.in/exp/forward-kinematics/simulation/fonts/helvetiker_bold.typeface.js]
[mr-iitkgp.vlabs.ac.in/exp/forward-kinematics/simulation/fonts/helvetiker_regular.typeface.js]
[mr-iitkgp.vlabs.ac.in/exp/forward-kinematics/simulation/fonts/droid_sans_regular.typeface.js]
[mr-iitkgp.vlabs.ac.in/exp/forward-kinematics/simulation/fonts/droid_sans_bold.typeface.js]
[mr-iitkgp.vlabs.ac.in/exp/forward-kinematics/simulation/fonts/droid_serif_regular.typeface.js]
[backblue.gif]
[fade.gif]
[index.html]
[mr-iitkgp.vlabs.ac.in/exp/forward-kinematics/simulation/images/logo.jpg]
[mr-iitkgp.vlabs.ac.in/exp/forward-kinematics/simulation/fonts/droid_serif_bold.typeface.js]
[mr-iitkgp.vlabs.ac.in/exp/forward-kinematics/simulation/forward-kinematics-of-puma-560.html]
[mr-iitkgp.vlabs.ac.in/exp/forward-kinematics/simulation/css/style.css]
